[debug] [2026-07-14T21:57:04.323Z] ----------------------------------------------------------------------
[debug] [2026-07-14T21:57:04.325Z] Command:       C:\Program Files\nodejs\node.exe C:\Users\linea\AppData\Roaming\npm\node_modules\firebase-tools\lib\bin\firebase.js init apphosting
[debug] [2026-07-14T21:57:04.326Z] CLI Version:   15.23.0
[debug] [2026-07-14T21:57:04.326Z] Platform:      win32
[debug] [2026-07-14T21:57:04.326Z] Node Version:  v24.18.0
[debug] [2026-07-14T21:57:04.326Z] Detected Agent: unknown
[debug] [2026-07-14T21:57:04.326Z] Time:          Tue Jul 14 2026 23:57:04 GMT+0200 (Central Africa Time)
[debug] [2026-07-14T21:57:04.326Z] ----------------------------------------------------------------------
[debug] 
[info] 
     ######## #### ########  ######## ########     ###     ######  ########
     ##        ##  ##     ## ##       ##     ##  ##   ##  ##       ##
     ######    ##  ########  ######   ########  #########  ######  ######
     ##        ##  ##    ##  ##       ##     ## ##     ##       ## ##
     ##       #### ##     ## ######## ########  ##     ##  ######  ########

You're about to initialize a Firebase project in this directory:

  C:\Users\linea\Downloads\project

Before we get started, keep in mind:

  * You are initializing within an existing Firebase project directory

[info] 
=== Project Setup
[info] 
[info] First, let's associate this project directory with a Firebase project.
[info] You can create multiple project aliases by running firebase use --add, 
[info] 
[debug] [2026-07-14T21:57:15.316Z] > command requires scopes: ["email","openid","https://www.googleapis.com/auth/cloudplatformprojects.readonly","https://www.googleapis.com/auth/firebase","https://www.googleapis.com/auth/cloud-platform"]
[debug] [2026-07-14T21:57:15.316Z] > authorizing via signed-in user (quatenary@gmail.com)
[debug] [2026-07-14T21:57:15.336Z] Checked if tokens are valid: true, expires at: 1784068074701
[debug] [2026-07-14T21:57:15.336Z] Checked if tokens are valid: true, expires at: 1784068074701
[debug] [2026-07-14T21:57:15.337Z] >>> [apiv2][query] GET https://firebase.googleapis.com/v1beta1/projects/the-golden-heists [none]
[debug] [2026-07-14T21:57:16.086Z] <<< [apiv2][status] GET https://firebase.googleapis.com/v1beta1/projects/the-golden-heists 200
[debug] [2026-07-14T21:57:16.086Z] <<< [apiv2][body] GET https://firebase.googleapis.com/v1beta1/projects/the-golden-heists {"projectId":"the-golden-heists","projectNumber":"913121825829","displayName":"The Golden Heists ","name":"projects/the-golden-heists","resources":{"hostingSite":"the-golden-heists"},"state":"ACTIVE","labels":{"firebase":"enabled"},"etag":"1_acfbc9eb-9007-44f7-817e-befbbdad98c1"}
[info] i  Using project the-golden-heists (The Golden Heists ) . 
[info] 
=== App Hosting Setup
[debug] [2026-07-14T21:57:16.110Z] Checked if tokens are valid: true, expires at: 1784068074701
[debug] [2026-07-14T21:57:16.111Z] Checked if tokens are valid: true, expires at: 1784068074701
[debug] [2026-07-14T21:57:16.111Z] >>> [apiv2][query] GET https://cloudbilling.googleapis.com/v1/projects/the-golden-heists/billingInfo [none]
[debug] [2026-07-14T21:57:16.111Z] >>> [apiv2][(partial)header] GET https://cloudbilling.googleapis.com/v1/projects/the-golden-heists/billingInfo  x-goog-user-project=the-golden-heists
[debug] [2026-07-14T21:57:16.765Z] <<< [apiv2][status] GET https://cloudbilling.googleapis.com/v1/projects/the-golden-heists/billingInfo 200
[debug] [2026-07-14T21:57:16.765Z] <<< [apiv2][body] GET https://cloudbilling.googleapis.com/v1/projects/the-golden-heists/billingInfo {"name":"projects/the-golden-heists/billingInfo","projectId":"the-golden-heists","billingAccountName":"billingAccounts/0106A5-107DF9-1B7A5B","billingEnabled":true}
[debug] [2026-07-14T21:57:16.770Z] Checked if tokens are valid: true, expires at: 1784068074701
[debug] [2026-07-14T21:57:16.770Z] Checked if tokens are valid: true, expires at: 1784068074701
[debug] [2026-07-14T21:57:16.770Z] >>> [apiv2][query] POST https://iam.googleapis.com/v1/projects/the-golden-heists/serviceAccounts/firebase-app-hosting-compute@the-golden-heists.iam.gserviceaccount.com:testIamPermissions [none]
[debug] [2026-07-14T21:57:16.770Z] >>> [apiv2][(partial)header] POST https://iam.googleapis.com/v1/projects/the-golden-heists/serviceAccounts/firebase-app-hosting-compute@the-golden-heists.iam.gserviceaccount.com:testIamPermissions  x-goog-user-project=the-golden-heists
[debug] [2026-07-14T21:57:16.770Z] >>> [apiv2][body] POST https://iam.googleapis.com/v1/projects/the-golden-heists/serviceAccounts/firebase-app-hosting-compute@the-golden-heists.iam.gserviceaccount.com:testIamPermissions {"permissions":["iam.serviceAccounts.actAs"]}
[debug] [2026-07-14T21:57:18.590Z] <<< [apiv2][status] POST https://iam.googleapis.com/v1/projects/the-golden-heists/serviceAccounts/firebase-app-hosting-compute@the-golden-heists.iam.gserviceaccount.com:testIamPermissions 200
[debug] [2026-07-14T21:57:18.590Z] <<< [apiv2][body] POST https://iam.googleapis.com/v1/projects/the-golden-heists/serviceAccounts/firebase-app-hosting-compute@the-golden-heists.iam.gserviceaccount.com:testIamPermissions {"permissions":["iam.serviceAccounts.actAs"]}
[debug] [2026-07-14T21:57:18.590Z] Checked if tokens are valid: true, expires at: 1784068074701
[debug] [2026-07-14T21:57:18.591Z] Checked if tokens are valid: true, expires at: 1784068074701
[debug] [2026-07-14T21:57:18.591Z] >>> [apiv2][query] POST https://iam.googleapis.com/v1/projects/the-golden-heists/serviceAccounts [none]
[debug] [2026-07-14T21:57:18.591Z] >>> [apiv2][body] POST https://iam.googleapis.com/v1/projects/the-golden-heists/serviceAccounts {"accountId":"firebase-app-hosting-compute","serviceAccount":{"displayName":"Firebase App Hosting compute service account","description":"Default service account used to run builds and deploys for Firebase App Hosting"}}
[debug] [2026-07-14T21:57:19.001Z] <<< [apiv2][status] POST https://iam.googleapis.com/v1/projects/the-golden-heists/serviceAccounts 409
[debug] [2026-07-14T21:57:19.001Z] <<< [apiv2][body] POST https://iam.googleapis.com/v1/projects/the-golden-heists/serviceAccounts [omitted]
[debug] [2026-07-14T21:57:19.002Z] Checked if tokens are valid: true, expires at: 1784068074701
[debug] [2026-07-14T21:57:19.002Z] Checked if tokens are valid: true, expires at: 1784068074701
[debug] [2026-07-14T21:57:19.002Z] >>> [apiv2][query] POST https://cloudresourcemanager.googleapis.com/v1/projects/the-golden-heists:getIamPolicy [none]
[debug] [2026-07-14T21:57:20.780Z] <<< [apiv2][status] POST https://cloudresourcemanager.googleapis.com/v1/projects/the-golden-heists:getIamPolicy 200
[debug] [2026-07-14T21:57:20.780Z] <<< [apiv2][body] POST https://cloudresourcemanager.googleapis.com/v1/projects/the-golden-heists:getIamPolicy {"version":1,"etag":"BwZWmTquNos=","bindings":[{"role":"roles/cloudbuild.builds.builder","members":["serviceAccount:913121825829@cloudbuild.gserviceaccount.com"]},{"role":"roles/cloudbuild.serviceAgent","members":["serviceAccount:service-913121825829@gcp-sa-cloudbuild.iam.gserviceaccount.com"]},{"role":"roles/cloudfunctions.developer","members":["serviceAccount:github-action-1299093906@the-golden-heists.iam.gserviceaccount.com"]},{"role":"roles/containerregistry.ServiceAgent","members":["serviceAccount:service-913121825829@containerregistry.iam.gserviceaccount.com"]},{"role":"roles/developerconnect.readTokenAccessor","members":["serviceAccount:firebase-app-hosting-compute@the-golden-heists.iam.gserviceaccount.com"]},{"role":"roles/editor","members":["serviceAccount:913121825829-compute@developer.gserviceaccount.com"]},{"role":"roles/firebase.managementServiceAgent","members":["serviceAccount:service-913121825829@gcp-sa-firebase.iam.gserviceaccount.com"]},{"role":"roles/firebase.sdkAdminServiceAgent","members":["serviceAccount:firebase-adminsdk-fbsvc@the-golden-heists.iam.gserviceaccount.com","serviceAccount:firebase-app-hosting-compute@the-golden-heists.iam.gserviceaccount.com"]},{"role":"roles/firebaseapphosting.computeRunner","members":["serviceAccount:firebase-app-hosting-compute@the-golden-heists.iam.gserviceaccount.com"]},{"role":"roles/firebaseauth.admin","members":["serviceAccount:github-action-1299093906@the-golden-heists.iam.gserviceaccount.com"]},{"role":"roles/firebasehosting.admin","members":["serviceAccount:github-action-1299093906@the-golden-heists.iam.gserviceaccount.com"]},{"role":"roles/iam.serviceAccountTokenCreator","members":["serviceAccount:firebase-adminsdk-fbsvc@the-golden-heists.iam.gserviceaccount.com"]},{"role":"roles/owner","members":["user:quatenary@gmail.com"]},{"role":"roles/run.serviceAgent","members":["serviceAccount:service-913121825829@serverless-robot-prod.iam.gserviceaccount.com"]},{"role":"roles/run.viewer","members":["serviceAccount:github-action-1299093906@the-golden-heists.iam.gserviceaccount.com"]},{"role":"roles/serviceusage.apiKeysViewer","members":["serviceAccount:github-action-1299093906@the-golden-heists.iam.gserviceaccount.com"]},{"role":"roles/serviceusage.serviceUsageConsumer","members":["serviceAccount:github-action-1299093906@the-golden-heists.iam.gserviceaccount.com"]},{"role":"roles/storage.objectViewer","members":["serviceAccount:firebase-app-hosting-compute@the-golden-heists.iam.gserviceaccount.com"]}]}
[debug] [2026-07-14T21:57:20.781Z] Checked if tokens are valid: true, expires at: 1784068074701
[debug] [2026-07-14T21:57:20.781Z] Checked if tokens are valid: true, expires at: 1784068074701
[debug] [2026-07-14T21:57:20.781Z] >>> [apiv2][query] POST https://cloudresourcemanager.googleapis.com/v1/projects/the-golden-heists:setIamPolicy [none]
[debug] [2026-07-14T21:57:20.781Z] >>> [apiv2][body] POST https://cloudresourcemanager.googleapis.com/v1/projects/the-golden-heists:setIamPolicy {"policy":{"version":1,"etag":"BwZWmTquNos=","bindings":[{"role":"roles/cloudbuild.builds.builder","members":["serviceAccount:913121825829@cloudbuild.gserviceaccount.com"]},{"role":"roles/cloudbuild.serviceAgent","members":["serviceAccount:service-913121825829@gcp-sa-cloudbuild.iam.gserviceaccount.com"]},{"role":"roles/cloudfunctions.developer","members":["serviceAccount:github-action-1299093906@the-golden-heists.iam.gserviceaccount.com"]},{"role":"roles/containerregistry.ServiceAgent","members":["serviceAccount:service-913121825829@containerregistry.iam.gserviceaccount.com"]},{"role":"roles/developerconnect.readTokenAccessor","members":["serviceAccount:firebase-app-hosting-compute@the-golden-heists.iam.gserviceaccount.com"]},{"role":"roles/editor","members":["serviceAccount:913121825829-compute@developer.gserviceaccount.com"]},{"role":"roles/firebase.managementServiceAgent","members":["serviceAccount:service-913121825829@gcp-sa-firebase.iam.gserviceaccount.com"]},{"role":"roles/firebase.sdkAdminServiceAgent","members":["serviceAccount:firebase-adminsdk-fbsvc@the-golden-heists.iam.gserviceaccount.com","serviceAccount:firebase-app-hosting-compute@the-golden-heists.iam.gserviceaccount.com"]},{"role":"roles/firebaseapphosting.computeRunner","members":["serviceAccount:firebase-app-hosting-compute@the-golden-heists.iam.gserviceaccount.com"]},{"role":"roles/firebaseauth.admin","members":["serviceAccount:github-action-1299093906@the-golden-heists.iam.gserviceaccount.com"]},{"role":"roles/firebasehosting.admin","members":["serviceAccount:github-action-1299093906@the-golden-heists.iam.gserviceaccount.com"]},{"role":"roles/iam.serviceAccountTokenCreator","members":["serviceAccount:firebase-adminsdk-fbsvc@the-golden-heists.iam.gserviceaccount.com"]},{"role":"roles/owner","members":["user:quatenary@gmail.com"]},{"role":"roles/run.serviceAgent","members":["serviceAccount:service-913121825829@serverless-robot-prod.iam.gserviceaccount.com"]},{"role":"roles/run.viewer","members":["serviceAccount:github-action-1299093906@the-golden-heists.iam.gserviceaccount.com"]},{"role":"roles/serviceusage.apiKeysViewer","members":["serviceAccount:github-action-1299093906@the-golden-heists.iam.gserviceaccount.com"]},{"role":"roles/serviceusage.serviceUsageConsumer","members":["serviceAccount:github-action-1299093906@the-golden-heists.iam.gserviceaccount.com"]},{"role":"roles/storage.objectViewer","members":["serviceAccount:firebase-app-hosting-compute@the-golden-heists.iam.gserviceaccount.com"]}]},"updateMask":"bindings"}
[debug] [2026-07-14T21:57:22.115Z] <<< [apiv2][status] POST https://cloudresourcemanager.googleapis.com/v1/projects/the-golden-heists:setIamPolicy 200
[debug] [2026-07-14T21:57:22.115Z] <<< [apiv2][body] POST https://cloudresourcemanager.googleapis.com/v1/projects/the-golden-heists:setIamPolicy {"version":1,"etag":"BwZWmUqQ4jU=","bindings":[{"role":"roles/cloudbuild.builds.builder","members":["serviceAccount:913121825829@cloudbuild.gserviceaccount.com"]},{"role":"roles/cloudbuild.serviceAgent","members":["serviceAccount:service-913121825829@gcp-sa-cloudbuild.iam.gserviceaccount.com"]},{"role":"roles/cloudfunctions.developer","members":["serviceAccount:github-action-1299093906@the-golden-heists.iam.gserviceaccount.com"]},{"role":"roles/containerregistry.ServiceAgent","members":["serviceAccount:service-913121825829@containerregistry.iam.gserviceaccount.com"]},{"role":"roles/developerconnect.readTokenAccessor","members":["serviceAccount:firebase-app-hosting-compute@the-golden-heists.iam.gserviceaccount.com"]},{"role":"roles/editor","members":["serviceAccount:913121825829-compute@developer.gserviceaccount.com"]},{"role":"roles/firebase.managementServiceAgent","members":["serviceAccount:service-913121825829@gcp-sa-firebase.iam.gserviceaccount.com"]},{"role":"roles/firebase.sdkAdminServiceAgent","members":["serviceAccount:firebase-adminsdk-fbsvc@the-golden-heists.iam.gserviceaccount.com","serviceAccount:firebase-app-hosting-compute@the-golden-heists.iam.gserviceaccount.com"]},{"role":"roles/firebaseapphosting.computeRunner","members":["serviceAccount:firebase-app-hosting-compute@the-golden-heists.iam.gserviceaccount.com"]},{"role":"roles/firebaseauth.admin","members":["serviceAccount:github-action-1299093906@the-golden-heists.iam.gserviceaccount.com"]},{"role":"roles/firebasehosting.admin","members":["serviceAccount:github-action-1299093906@the-golden-heists.iam.gserviceaccount.com"]},{"role":"roles/iam.serviceAccountTokenCreator","members":["serviceAccount:firebase-adminsdk-fbsvc@the-golden-heists.iam.gserviceaccount.com"]},{"role":"roles/owner","members":["user:quatenary@gmail.com"]},{"role":"roles/run.serviceAgent","members":["serviceAccount:service-913121825829@serverless-robot-prod.iam.gserviceaccount.com"]},{"role":"roles/run.viewer","members":["serviceAccount:github-action-1299093906@the-golden-heists.iam.gserviceaccount.com"]},{"role":"roles/serviceusage.apiKeysViewer","members":["serviceAccount:github-action-1299093906@the-golden-heists.iam.gserviceaccount.com"]},{"role":"roles/serviceusage.serviceUsageConsumer","members":["serviceAccount:github-action-1299093906@the-golden-heists.iam.gserviceaccount.com"]},{"role":"roles/storage.objectViewer","members":["serviceAccount:firebase-app-hosting-compute@the-golden-heists.iam.gserviceaccount.com"]}]}
[info] i  This command links your local project to Firebase App Hosting. You will be able to deploy your web app with `firebase deploy` after setup. 
[info] i  === Set up your backend 
[debug] [2026-07-14T21:58:07.678Z] Checked if tokens are valid: true, expires at: 1784068074701
[debug] [2026-07-14T21:58:07.678Z] Checked if tokens are valid: true, expires at: 1784068074701
[debug] [2026-07-14T21:58:07.678Z] >>> [apiv2][query] GET https://firebaseapphosting.googleapis.com/v1beta/projects/the-golden-heists/locations 
[debug] [2026-07-14T21:58:08.874Z] <<< [apiv2][status] GET https://firebaseapphosting.googleapis.com/v1beta/projects/the-golden-heists/locations 200
[debug] [2026-07-14T21:58:08.874Z] <<< [apiv2][body] GET https://firebaseapphosting.googleapis.com/v1beta/projects/the-golden-heists/locations {"locations":[{"name":"projects/the-golden-heists/locations/asia-east1","locationId":"asia-east1","displayName":"Taiwan"},{"name":"projects/the-golden-heists/locations/asia-southeast1","locationId":"asia-southeast1","displayName":"Singapore"},{"name":"projects/the-golden-heists/locations/europe-west4","locationId":"europe-west4","displayName":"Netherlands"},{"name":"projects/the-golden-heists/locations/us-central1","locationId":"us-central1","displayName":"Iowa"},{"name":"projects/the-golden-heists/locations/us-east4","locationId":"us-east4","displayName":"Northern Virginia"},{"name":"projects/the-golden-heists/locations/us-east5","locationId":"us-east5","displayName":"Columbus"}]}
[info] +  Location set to us-east4.
 
[debug] [2026-07-14T22:00:01.403Z] Checked if tokens are valid: true, expires at: 1784068074701
[debug] [2026-07-14T22:00:01.403Z] Checked if tokens are valid: true, expires at: 1784068074701
[debug] [2026-07-14T22:00:01.403Z] >>> [apiv2][query] GET https://firebaseapphosting.googleapis.com/v1beta/projects/the-golden-heists/locations/us-east4/backends/goldenheists [none]
[debug] [2026-07-14T22:00:02.653Z] <<< [apiv2][status] GET https://firebaseapphosting.googleapis.com/v1beta/projects/the-golden-heists/locations/us-east4/backends/goldenheists 404
[debug] [2026-07-14T22:00:02.653Z] <<< [apiv2][body] GET https://firebaseapphosting.googleapis.com/v1beta/projects/the-golden-heists/locations/us-east4/backends/goldenheists {"error":{"code":404,"message":"Resource 'projects/the-golden-heists/locations/us-east4/backends/goldenheists' was not found","status":"NOT_FOUND","details":[{"@type":"type.googleapis.com/google.rpc.ResourceInfo","resourceName":"projects/the-golden-heists/locations/us-east4/backends/goldenheists"}]}}
[info] +  Name set to goldenheists
 
[debug] [2026-07-14T22:00:02.654Z] Checked if tokens are valid: true, expires at: 1784068074701
[debug] [2026-07-14T22:00:02.655Z] Checked if tokens are valid: true, expires at: 1784068074701
[debug] [2026-07-14T22:00:02.655Z] >>> [apiv2][query] GET https://firebase.googleapis.com/v1beta1/projects/the-golden-heists/webApps pageSize=100
[debug] [2026-07-14T22:00:03.532Z] <<< [apiv2][status] GET https://firebase.googleapis.com/v1beta1/projects/the-golden-heists/webApps 200
[debug] [2026-07-14T22:00:03.532Z] <<< [apiv2][body] GET https://firebase.googleapis.com/v1beta1/projects/the-golden-heists/webApps {"apps":[{"name":"projects/the-golden-heists/webApps/1:913121825829:web:1d9df3950e6b4cb6fb5bcc","appId":"1:913121825829:web:1d9df3950e6b4cb6fb5bcc","displayName":"Golden Heists Web","projectId":"the-golden-heists","webId":"golden-heists-web","apiKeyId":"d44322c9-d74e-4b93-a17c-554f3d78ca78","state":"ACTIVE","expireTime":"1970-01-01T00:00:00Z","etag":"1_22015be1-ecc6-4aed-8ad4-4eba8c127885"}]}
[debug] [2026-07-14T22:00:03.532Z] Checked if tokens are valid: true, expires at: 1784068074701
[debug] [2026-07-14T22:00:03.532Z] Checked if tokens are valid: true, expires at: 1784068074701
[debug] [2026-07-14T22:00:03.532Z] >>> [apiv2][query] GET https://firebase.googleapis.com/v1beta1/projects/the-golden-heists/webApps pageSize=100
[debug] [2026-07-14T22:00:04.138Z] <<< [apiv2][status] GET https://firebase.googleapis.com/v1beta1/projects/the-golden-heists/webApps 200
[debug] [2026-07-14T22:00:04.138Z] <<< [apiv2][body] GET https://firebase.googleapis.com/v1beta1/projects/the-golden-heists/webApps {"apps":[{"name":"projects/the-golden-heists/webApps/1:913121825829:web:1d9df3950e6b4cb6fb5bcc","appId":"1:913121825829:web:1d9df3950e6b4cb6fb5bcc","displayName":"Golden Heists Web","projectId":"the-golden-heists","webId":"golden-heists-web","apiKeyId":"d44322c9-d74e-4b93-a17c-554f3d78ca78","state":"ACTIVE","expireTime":"1970-01-01T00:00:00Z","etag":"1_22015be1-ecc6-4aed-8ad4-4eba8c127885"}]}
[debug] [2026-07-14T22:00:04.139Z] Checked if tokens are valid: true, expires at: 1784068074701
[debug] [2026-07-14T22:00:04.139Z] Checked if tokens are valid: true, expires at: 1784068074701
[debug] [2026-07-14T22:00:04.139Z] >>> [apiv2][query] POST https://firebase.googleapis.com/v1beta1/projects/the-golden-heists/webApps [none]
[debug] [2026-07-14T22:00:04.139Z] >>> [apiv2][body] POST https://firebase.googleapis.com/v1beta1/projects/the-golden-heists/webApps {"displayName":"goldenheists"}
[debug] [2026-07-14T22:00:05.646Z] <<< [apiv2][status] POST https://firebase.googleapis.com/v1beta1/projects/the-golden-heists/webApps 200
[debug] [2026-07-14T22:00:05.646Z] <<< [apiv2][body] POST https://firebase.googleapis.com/v1beta1/projects/the-golden-heists/webApps {"name":"operations/workflows/ZTEyZDIxNzQtY2Y1MS00YWNiLWIwZjEtMDE3MzMxZjA0YTll"}
[debug] [2026-07-14T22:00:05.647Z] Checked if tokens are valid: true, expires at: 1784068074701
[debug] [2026-07-14T22:00:05.647Z] Checked if tokens are valid: true, expires at: 1784068074701
[debug] [2026-07-14T22:00:05.648Z] >>> [apiv2][query] GET https://firebase.googleapis.com/v1beta1/operations/workflows/ZTEyZDIxNzQtY2Y1MS00YWNiLWIwZjEtMDE3MzMxZjA0YTll [none]
[debug] [2026-07-14T22:00:06.144Z] <<< [apiv2][status] GET https://firebase.googleapis.com/v1beta1/operations/workflows/ZTEyZDIxNzQtY2Y1MS00YWNiLWIwZjEtMDE3MzMxZjA0YTll 200
[debug] [2026-07-14T22:00:06.144Z] <<< [apiv2][body] GET https://firebase.googleapis.com/v1beta1/operations/workflows/ZTEyZDIxNzQtY2Y1MS00YWNiLWIwZjEtMDE3MzMxZjA0YTll {"name":"operations/workflows/ZTEyZDIxNzQtY2Y1MS00YWNiLWIwZjEtMDE3MzMxZjA0YTll"}
[debug] [2026-07-14T22:00:06.659Z] [Create Web app Poller] Retrying task index 0
[debug] [2026-07-14T22:00:06.659Z] Checked if tokens are valid: true, expires at: 1784068074701
[debug] [2026-07-14T22:00:06.659Z] Checked if tokens are valid: true, expires at: 1784068074701
[debug] [2026-07-14T22:00:06.659Z] >>> [apiv2][query] GET https://firebase.googleapis.com/v1beta1/operations/workflows/ZTEyZDIxNzQtY2Y1MS00YWNiLWIwZjEtMDE3MzMxZjA0YTll [none]
[debug] [2026-07-14T22:00:07.161Z] <<< [apiv2][status] GET https://firebase.googleapis.com/v1beta1/operations/workflows/ZTEyZDIxNzQtY2Y1MS00YWNiLWIwZjEtMDE3MzMxZjA0YTll 200
[debug] [2026-07-14T22:00:07.162Z] <<< [apiv2][body] GET https://firebase.googleapis.com/v1beta1/operations/workflows/ZTEyZDIxNzQtY2Y1MS00YWNiLWIwZjEtMDE3MzMxZjA0YTll {"name":"operations/workflows/ZTEyZDIxNzQtY2Y1MS00YWNiLWIwZjEtMDE3MzMxZjA0YTll"}
[debug] [2026-07-14T22:00:08.166Z] [Create Web app Poller] Retrying task index 0
[debug] [2026-07-14T22:00:08.166Z] Checked if tokens are valid: true, expires at: 1784068074701
[debug] [2026-07-14T22:00:08.166Z] Checked if tokens are valid: true, expires at: 1784068074701
[debug] [2026-07-14T22:00:08.166Z] >>> [apiv2][query] GET https://firebase.googleapis.com/v1beta1/operations/workflows/ZTEyZDIxNzQtY2Y1MS00YWNiLWIwZjEtMDE3MzMxZjA0YTll [none]
[debug] [2026-07-14T22:00:08.780Z] <<< [apiv2][status] GET https://firebase.googleapis.com/v1beta1/operations/workflows/ZTEyZDIxNzQtY2Y1MS00YWNiLWIwZjEtMDE3MzMxZjA0YTll 200
[debug] [2026-07-14T22:00:08.780Z] <<< [apiv2][body] GET https://firebase.googleapis.com/v1beta1/operations/workflows/ZTEyZDIxNzQtY2Y1MS00YWNiLWIwZjEtMDE3MzMxZjA0YTll {"name":"operations/workflows/ZTEyZDIxNzQtY2Y1MS00YWNiLWIwZjEtMDE3MzMxZjA0YTll"}
[debug] [2026-07-14T22:00:10.784Z] [Create Web app Poller] Retrying task index 0
[debug] [2026-07-14T22:00:10.785Z] Checked if tokens are valid: true, expires at: 1784068074701
[debug] [2026-07-14T22:00:10.785Z] Checked if tokens are valid: true, expires at: 1784068074701
[debug] [2026-07-14T22:00:10.785Z] >>> [apiv2][query] GET https://firebase.googleapis.com/v1beta1/operations/workflows/ZTEyZDIxNzQtY2Y1MS00YWNiLWIwZjEtMDE3MzMxZjA0YTll [none]
[debug] [2026-07-14T22:00:11.399Z] <<< [apiv2][status] GET https://firebase.googleapis.com/v1beta1/operations/workflows/ZTEyZDIxNzQtY2Y1MS00YWNiLWIwZjEtMDE3MzMxZjA0YTll 200
[debug] [2026-07-14T22:00:11.399Z] <<< [apiv2][body] GET https://firebase.googleapis.com/v1beta1/operations/workflows/ZTEyZDIxNzQtY2Y1MS00YWNiLWIwZjEtMDE3MzMxZjA0YTll {"name":"operations/workflows/ZTEyZDIxNzQtY2Y1MS00YWNiLWIwZjEtMDE3MzMxZjA0YTll","done":true,"response":{"@type":"type.googleapis.com/google.firebase.service.v1beta1.WebApp","name":"projects/the-golden-heists/webApps/1:913121825829:web:bbc52bdd2a6cf8d4fb5bcc","appId":"1:913121825829:web:bbc52bdd2a6cf8d4fb5bcc","displayName":"goldenheists","projectId":"the-golden-heists","webId":"Y2ZmZjlhMDQtZTQ1Yy00YjUwLThiYWUtZGFmZjhhOWMzZjg5","apiKeyId":"d44322c9-d74e-4b93-a17c-554f3d78ca78","state":"ACTIVE","expireTime":"1970-01-01T00:00:00Z","etag":"1_aad64310-3082-49f5-b41b-6f0e14b083c1"}}
[info] +  Created a new Firebase web app named "goldenheists" 
[debug] [2026-07-14T22:00:11.404Z] Checked if tokens are valid: true, expires at: 1784068074701
[debug] [2026-07-14T22:00:11.404Z] Checked if tokens are valid: true, expires at: 1784068074701
[debug] [2026-07-14T22:00:11.404Z] >>> [apiv2][query] GET https://firebaseapphosting.googleapis.com/v1beta/projects/the-golden-heists/locations/us-east4/supportedRuntimes [none]
[debug] [2026-07-14T22:00:18.206Z] <<< [apiv2][status] GET https://firebaseapphosting.googleapis.com/v1beta/projects/the-golden-heists/locations/us-east4/supportedRuntimes 200
[debug] [2026-07-14T22:00:18.206Z] <<< [apiv2][body] GET https://firebaseapphosting.googleapis.com/v1beta/projects/the-golden-heists/locations/us-east4/supportedRuntimes {"supportedRuntimes":[{"name":"projects/the-golden-heists/locations/us-east4/supportedRuntimes/nodejs","runtimeId":"nodejs"},{"name":"projects/the-golden-heists/locations/us-east4/supportedRuntimes/nodejs22","runtimeId":"nodejs22","automaticBaseImageUpdatesSupported":true,"deprecateTime":"2027-04-30T00:00:00Z","decommissionTime":"2027-10-31T00:00:00Z"},{"name":"projects/the-golden-heists/locations/us-east4/supportedRuntimes/nodejs24","runtimeId":"nodejs24","automaticBaseImageUpdatesSupported":true,"deprecateTime":"2028-04-30T00:00:00Z","decommissionTime":"2028-10-31T00:00:00Z"}]}
[debug] [2026-07-14T22:00:24.991Z] ExitPromptError: User force closed the prompt with SIGINT
    at Interface.sigint (C:\Users\linea\AppData\Roaming\npm\node_modules\firebase-tools\node_modules\@inquirer\core\dist\commonjs\lib\create-prompt.js:101:37)
    at Interface.emit (node:events:509:28)
    at [_ttyWrite] [as _ttyWrite] (node:internal/readline/interface:1327:18)
    at ReadStream.onkeypress (node:internal/readline/interface:284:20)
    at ReadStream.emit (node:events:521:24)
    at emitKeys (node:internal/readline/utils:371:14)
    at emitKeys.next (<anonymous>)
    at ReadStream.onData (node:internal/readline/emitKeypressEvents:64:36)
    at ReadStream.emit (node:events:509:28)
    at addChunk (node:internal/streams/readable:563:12)
[error] 
[error] Error: An unexpected error has occurred.
[debug] [2026-07-14T22:00:47.055Z] ----------------------------------------------------------------------
[debug] [2026-07-14T22:00:47.057Z] Command:       C:\Program Files\nodejs\node.exe C:\Users\linea\AppData\Roaming\npm\node_modules\firebase-tools\lib\bin\firebase.js init apphosting
[debug] [2026-07-14T22:00:47.058Z] CLI Version:   15.23.0
[debug] [2026-07-14T22:00:47.058Z] Platform:      win32
[debug] [2026-07-14T22:00:47.058Z] Node Version:  v24.18.0
[debug] [2026-07-14T22:00:47.058Z] Detected Agent: unknown
[debug] [2026-07-14T22:00:47.058Z] Time:          Wed Jul 15 2026 00:00:47 GMT+0200 (Central Africa Time)
[debug] [2026-07-14T22:00:47.058Z] ----------------------------------------------------------------------
[debug] 
[info] 
     ######## #### ########  ######## ########     ###     ######  ########
     ##        ##  ##     ## ##       ##     ##  ##   ##  ##       ##
     ######    ##  ########  ######   ########  #########  ######  ######
     ##        ##  ##    ##  ##       ##     ## ##     ##       ## ##
     ##       #### ##     ## ######## ########  ##     ##  ######  ########

You're about to initialize a Firebase project in this directory:

  C:\Users\linea\Downloads\project

Before we get started, keep in mind:

  * You are initializing within an existing Firebase project directory

[info] 
=== Project Setup
[info] 
[info] First, let's associate this project directory with a Firebase project.
[info] You can create multiple project aliases by running firebase use --add, 
[info] 
[debug] [2026-07-14T22:00:59.094Z] > command requires scopes: ["email","openid","https://www.googleapis.com/auth/cloudplatformprojects.readonly","https://www.googleapis.com/auth/firebase","https://www.googleapis.com/auth/cloud-platform"]
[debug] [2026-07-14T22:00:59.095Z] > authorizing via signed-in user (quatenary@gmail.com)
[debug] [2026-07-14T22:00:59.116Z] Checked if tokens are valid: true, expires at: 1784068074701
[debug] [2026-07-14T22:00:59.116Z] Checked if tokens are valid: true, expires at: 1784068074701
[debug] [2026-07-14T22:00:59.118Z] >>> [apiv2][query] GET https://firebase.googleapis.com/v1beta1/projects/the-golden-heists [none]
[debug] [2026-07-14T22:00:59.818Z] <<< [apiv2][status] GET https://firebase.googleapis.com/v1beta1/projects/the-golden-heists 200
[debug] [2026-07-14T22:00:59.818Z] <<< [apiv2][body] GET https://firebase.googleapis.com/v1beta1/projects/the-golden-heists {"projectId":"the-golden-heists","projectNumber":"913121825829","displayName":"The Golden Heists ","name":"projects/the-golden-heists","resources":{"hostingSite":"the-golden-heists"},"state":"ACTIVE","labels":{"firebase":"enabled"},"etag":"1_38b43a7d-6d52-4c6a-896a-bc1022790636"}
[info] i  Using project the-golden-heists (The Golden Heists ) . 
[info] 
=== App Hosting Setup
[debug] [2026-07-14T22:00:59.844Z] Checked if tokens are valid: true, expires at: 1784068074701
[debug] [2026-07-14T22:00:59.844Z] Checked if tokens are valid: true, expires at: 1784068074701
[debug] [2026-07-14T22:00:59.844Z] >>> [apiv2][query] GET https://cloudbilling.googleapis.com/v1/projects/the-golden-heists/billingInfo [none]
[debug] [2026-07-14T22:00:59.844Z] >>> [apiv2][(partial)header] GET https://cloudbilling.googleapis.com/v1/projects/the-golden-heists/billingInfo  x-goog-user-project=the-golden-heists
[debug] [2026-07-14T22:01:01.114Z] <<< [apiv2][status] GET https://cloudbilling.googleapis.com/v1/projects/the-golden-heists/billingInfo 200
[debug] [2026-07-14T22:01:01.114Z] <<< [apiv2][body] GET https://cloudbilling.googleapis.com/v1/projects/the-golden-heists/billingInfo {"name":"projects/the-golden-heists/billingInfo","projectId":"the-golden-heists","billingAccountName":"billingAccounts/0106A5-107DF9-1B7A5B","billingEnabled":true}
[debug] [2026-07-14T22:01:01.118Z] Checked if tokens are valid: true, expires at: 1784068074701
[debug] [2026-07-14T22:01:01.118Z] Checked if tokens are valid: true, expires at: 1784068074701
[debug] [2026-07-14T22:01:01.118Z] >>> [apiv2][query] POST https://iam.googleapis.com/v1/projects/the-golden-heists/serviceAccounts/firebase-app-hosting-compute@the-golden-heists.iam.gserviceaccount.com:testIamPermissions [none]
[debug] [2026-07-14T22:01:01.118Z] >>> [apiv2][(partial)header] POST https://iam.googleapis.com/v1/projects/the-golden-heists/serviceAccounts/firebase-app-hosting-compute@the-golden-heists.iam.gserviceaccount.com:testIamPermissions  x-goog-user-project=the-golden-heists
[debug] [2026-07-14T22:01:01.118Z] >>> [apiv2][body] POST https://iam.googleapis.com/v1/projects/the-golden-heists/serviceAccounts/firebase-app-hosting-compute@the-golden-heists.iam.gserviceaccount.com:testIamPermissions {"permissions":["iam.serviceAccounts.actAs"]}
[debug] [2026-07-14T22:01:03.019Z] <<< [apiv2][status] POST https://iam.googleapis.com/v1/projects/the-golden-heists/serviceAccounts/firebase-app-hosting-compute@the-golden-heists.iam.gserviceaccount.com:testIamPermissions 200
[debug] [2026-07-14T22:01:03.019Z] <<< [apiv2][body] POST https://iam.googleapis.com/v1/projects/the-golden-heists/serviceAccounts/firebase-app-hosting-compute@the-golden-heists.iam.gserviceaccount.com:testIamPermissions {"permissions":["iam.serviceAccounts.actAs"]}
[debug] [2026-07-14T22:01:03.020Z] Checked if tokens are valid: true, expires at: 1784068074701
[debug] [2026-07-14T22:01:03.020Z] Checked if tokens are valid: true, expires at: 1784068074701
[debug] [2026-07-14T22:01:03.020Z] >>> [apiv2][query] POST https://iam.googleapis.com/v1/projects/the-golden-heists/serviceAccounts [none]
[debug] [2026-07-14T22:01:03.020Z] >>> [apiv2][body] POST https://iam.googleapis.com/v1/projects/the-golden-heists/serviceAccounts {"accountId":"firebase-app-hosting-compute","serviceAccount":{"displayName":"Firebase App Hosting compute service account","description":"Default service account used to run builds and deploys for Firebase App Hosting"}}
[debug] [2026-07-14T22:01:04.661Z] <<< [apiv2][status] POST https://iam.googleapis.com/v1/projects/the-golden-heists/serviceAccounts 409
[debug] [2026-07-14T22:01:04.661Z] <<< [apiv2][body] POST https://iam.googleapis.com/v1/projects/the-golden-heists/serviceAccounts [omitted]
[debug] [2026-07-14T22:01:04.662Z] Checked if tokens are valid: true, expires at: 1784068074701
[debug] [2026-07-14T22:01:04.662Z] Checked if tokens are valid: true, expires at: 1784068074701
[debug] [2026-07-14T22:01:04.663Z] >>> [apiv2][query] POST https://cloudresourcemanager.googleapis.com/v1/projects/the-golden-heists:getIamPolicy [none]
[debug] [2026-07-14T22:01:06.661Z] <<< [apiv2][status] POST https://cloudresourcemanager.googleapis.com/v1/projects/the-golden-heists:getIamPolicy 200
[debug] [2026-07-14T22:01:06.661Z] <<< [apiv2][body] POST https://cloudresourcemanager.googleapis.com/v1/projects/the-golden-heists:getIamPolicy {"version":1,"etag":"BwZWmVUOsMk=","bindings":[{"role":"roles/cloudbuild.builds.builder","members":["serviceAccount:913121825829@cloudbuild.gserviceaccount.com"]},{"role":"roles/cloudbuild.serviceAgent","members":["serviceAccount:service-913121825829@gcp-sa-cloudbuild.iam.gserviceaccount.com"]},{"role":"roles/cloudfunctions.developer","members":["serviceAccount:github-action-1299093906@the-golden-heists.iam.gserviceaccount.com"]},{"role":"roles/containerregistry.ServiceAgent","members":["serviceAccount:service-913121825829@containerregistry.iam.gserviceaccount.com"]},{"role":"roles/developerconnect.readTokenAccessor","members":["serviceAccount:firebase-app-hosting-compute@the-golden-heists.iam.gserviceaccount.com"]},{"role":"roles/editor","members":["serviceAccount:913121825829-compute@developer.gserviceaccount.com"]},{"role":"roles/firebase.managementServiceAgent","members":["serviceAccount:service-913121825829@gcp-sa-firebase.iam.gserviceaccount.com"]},{"role":"roles/firebase.sdkAdminServiceAgent","members":["serviceAccount:firebase-adminsdk-fbsvc@the-golden-heists.iam.gserviceaccount.com","serviceAccount:firebase-app-hosting-compute@the-golden-heists.iam.gserviceaccount.com"]},{"role":"roles/firebaseapphosting.computeRunner","members":["serviceAccount:firebase-app-hosting-compute@the-golden-heists.iam.gserviceaccount.com"]},{"role":"roles/firebaseapphosting.serviceAgent","members":["serviceAccount:service-913121825829@gcp-sa-firebaseapphosting.iam.gserviceaccount.com"]},{"role":"roles/firebaseauth.admin","members":["serviceAccount:github-action-1299093906@the-golden-heists.iam.gserviceaccount.com"]},{"role":"roles/firebasehosting.admin","members":["serviceAccount:github-action-1299093906@the-golden-heists.iam.gserviceaccount.com"]},{"role":"roles/iam.serviceAccountTokenCreator","members":["serviceAccount:firebase-adminsdk-fbsvc@the-golden-heists.iam.gserviceaccount.com"]},{"role":"roles/owner","members":["user:quatenary@gmail.com"]},{"role":"roles/run.serviceAgent","members":["serviceAccount:service-913121825829@serverless-robot-prod.iam.gserviceaccount.com"]},{"role":"roles/run.viewer","members":["serviceAccount:github-action-1299093906@the-golden-heists.iam.gserviceaccount.com"]},{"role":"roles/serviceusage.apiKeysViewer","members":["serviceAccount:github-action-1299093906@the-golden-heists.iam.gserviceaccount.com"]},{"role":"roles/serviceusage.serviceUsageConsumer","members":["serviceAccount:github-action-1299093906@the-golden-heists.iam.gserviceaccount.com"]},{"role":"roles/storage.objectViewer","members":["serviceAccount:firebase-app-hosting-compute@the-golden-heists.iam.gserviceaccount.com"]}]}
[debug] [2026-07-14T22:01:06.662Z] Checked if tokens are valid: true, expires at: 1784068074701
[debug] [2026-07-14T22:01:06.662Z] Checked if tokens are valid: true, expires at: 1784068074701
[debug] [2026-07-14T22:01:06.662Z] >>> [apiv2][query] POST https://cloudresourcemanager.googleapis.com/v1/projects/the-golden-heists:setIamPolicy [none]
[debug] [2026-07-14T22:01:06.662Z] >>> [apiv2][body] POST https://cloudresourcemanager.googleapis.com/v1/projects/the-golden-heists:setIamPolicy {"policy":{"version":1,"etag":"BwZWmVUOsMk=","bindings":[{"role":"roles/cloudbuild.builds.builder","members":["serviceAccount:913121825829@cloudbuild.gserviceaccount.com"]},{"role":"roles/cloudbuild.serviceAgent","members":["serviceAccount:service-913121825829@gcp-sa-cloudbuild.iam.gserviceaccount.com"]},{"role":"roles/cloudfunctions.developer","members":["serviceAccount:github-action-1299093906@the-golden-heists.iam.gserviceaccount.com"]},{"role":"roles/containerregistry.ServiceAgent","members":["serviceAccount:service-913121825829@containerregistry.iam.gserviceaccount.com"]},{"role":"roles/developerconnect.readTokenAccessor","members":["serviceAccount:firebase-app-hosting-compute@the-golden-heists.iam.gserviceaccount.com"]},{"role":"roles/editor","members":["serviceAccount:913121825829-compute@developer.gserviceaccount.com"]},{"role":"roles/firebase.managementServiceAgent","members":["serviceAccount:service-913121825829@gcp-sa-firebase.iam.gserviceaccount.com"]},{"role":"roles/firebase.sdkAdminServiceAgent","members":["serviceAccount:firebase-adminsdk-fbsvc@the-golden-heists.iam.gserviceaccount.com","serviceAccount:firebase-app-hosting-compute@the-golden-heists.iam.gserviceaccount.com"]},{"role":"roles/firebaseapphosting.computeRunner","members":["serviceAccount:firebase-app-hosting-compute@the-golden-heists.iam.gserviceaccount.com"]},{"role":"roles/firebaseapphosting.serviceAgent","members":["serviceAccount:service-913121825829@gcp-sa-firebaseapphosting.iam.gserviceaccount.com"]},{"role":"roles/firebaseauth.admin","members":["serviceAccount:github-action-1299093906@the-golden-heists.iam.gserviceaccount.com"]},{"role":"roles/firebasehosting.admin","members":["serviceAccount:github-action-1299093906@the-golden-heists.iam.gserviceaccount.com"]},{"role":"roles/iam.serviceAccountTokenCreator","members":["serviceAccount:firebase-adminsdk-fbsvc@the-golden-heists.iam.gserviceaccount.com"]},{"role":"roles/owner","members":["user:quatenary@gmail.com"]},{"role":"roles/run.serviceAgent","members":["serviceAccount:service-913121825829@serverless-robot-prod.iam.gserviceaccount.com"]},{"role":"roles/run.viewer","members":["serviceAccount:github-action-1299093906@the-golden-heists.iam.gserviceaccount.com"]},{"role":"roles/serviceusage.apiKeysViewer","members":["serviceAccount:github-action-1299093906@the-golden-heists.iam.gserviceaccount.com"]},{"role":"roles/serviceusage.serviceUsageConsumer","members":["serviceAccount:github-action-1299093906@the-golden-heists.iam.gserviceaccount.com"]},{"role":"roles/storage.objectViewer","members":["serviceAccount:firebase-app-hosting-compute@the-golden-heists.iam.gserviceaccount.com"]}]},"updateMask":"bindings"}
[debug] [2026-07-14T22:01:07.988Z] <<< [apiv2][status] POST https://cloudresourcemanager.googleapis.com/v1/projects/the-golden-heists:setIamPolicy 200
[debug] [2026-07-14T22:01:07.989Z] <<< [apiv2][body] POST https://cloudresourcemanager.googleapis.com/v1/projects/the-golden-heists:setIamPolicy {"version":1,"etag":"BwZWmVgHZsA=","bindings":[{"role":"roles/cloudbuild.builds.builder","members":["serviceAccount:913121825829@cloudbuild.gserviceaccount.com"]},{"role":"roles/cloudbuild.serviceAgent","members":["serviceAccount:service-913121825829@gcp-sa-cloudbuild.iam.gserviceaccount.com"]},{"role":"roles/cloudfunctions.developer","members":["serviceAccount:github-action-1299093906@the-golden-heists.iam.gserviceaccount.com"]},{"role":"roles/containerregistry.ServiceAgent","members":["serviceAccount:service-913121825829@containerregistry.iam.gserviceaccount.com"]},{"role":"roles/developerconnect.readTokenAccessor","members":["serviceAccount:firebase-app-hosting-compute@the-golden-heists.iam.gserviceaccount.com"]},{"role":"roles/editor","members":["serviceAccount:913121825829-compute@developer.gserviceaccount.com"]},{"role":"roles/firebase.managementServiceAgent","members":["serviceAccount:service-913121825829@gcp-sa-firebase.iam.gserviceaccount.com"]},{"role":"roles/firebase.sdkAdminServiceAgent","members":["serviceAccount:firebase-adminsdk-fbsvc@the-golden-heists.iam.gserviceaccount.com","serviceAccount:firebase-app-hosting-compute@the-golden-heists.iam.gserviceaccount.com"]},{"role":"roles/firebaseapphosting.computeRunner","members":["serviceAccount:firebase-app-hosting-compute@the-golden-heists.iam.gserviceaccount.com"]},{"role":"roles/firebaseapphosting.serviceAgent","members":["serviceAccount:service-913121825829@gcp-sa-firebaseapphosting.iam.gserviceaccount.com"]},{"role":"roles/firebaseauth.admin","members":["serviceAccount:github-action-1299093906@the-golden-heists.iam.gserviceaccount.com"]},{"role":"roles/firebasehosting.admin","members":["serviceAccount:github-action-1299093906@the-golden-heists.iam.gserviceaccount.com"]},{"role":"roles/iam.serviceAccountTokenCreator","members":["serviceAccount:firebase-adminsdk-fbsvc@the-golden-heists.iam.gserviceaccount.com"]},{"role":"roles/owner","members":["user:quatenary@gmail.com"]},{"role":"roles/run.serviceAgent","members":["serviceAccount:service-913121825829@serverless-robot-prod.iam.gserviceaccount.com"]},{"role":"roles/run.viewer","members":["serviceAccount:github-action-1299093906@the-golden-heists.iam.gserviceaccount.com"]},{"role":"roles/serviceusage.apiKeysViewer","members":["serviceAccount:github-action-1299093906@the-golden-heists.iam.gserviceaccount.com"]},{"role":"roles/serviceusage.serviceUsageConsumer","members":["serviceAccount:github-action-1299093906@the-golden-heists.iam.gserviceaccount.com"]},{"role":"roles/storage.objectViewer","members":["serviceAccount:firebase-app-hosting-compute@the-golden-heists.iam.gserviceaccount.com"]}]}
[info] i  This command links your local project to Firebase App Hosting. You will be able to deploy your web app with `firebase deploy` after setup. 
[debug] [2026-07-14T22:01:13.271Z] Checked if tokens are valid: true, expires at: 1784068074701
[debug] [2026-07-14T22:01:13.271Z] Checked if tokens are valid: true, expires at: 1784068074701
[debug] [2026-07-14T22:01:13.272Z] >>> [apiv2][query] GET https://firebaseapphosting.googleapis.com/v1beta/projects/the-golden-heists/locations/-/backends 
[debug] [2026-07-14T22:01:14.626Z] <<< [apiv2][status] GET https://firebaseapphosting.googleapis.com/v1beta/projects/the-golden-heists/locations/-/backends 200
[debug] [2026-07-14T22:01:14.626Z] <<< [apiv2][body] GET https://firebaseapphosting.googleapis.com/v1beta/projects/the-golden-heists/locations/-/backends {}
[debug] [2026-07-14T22:16:12.106Z] ExitPromptError: User force closed the prompt with SIGINT
    at Interface.sigint (C:\Users\linea\AppData\Roaming\npm\node_modules\firebase-tools\node_modules\@inquirer\core\dist\commonjs\lib\create-prompt.js:101:37)
    at Interface.emit (node:events:509:28)
    at [_ttyWrite] [as _ttyWrite] (node:internal/readline/interface:1327:18)
    at ReadStream.onkeypress (node:internal/readline/interface:284:20)
    at ReadStream.emit (node:events:521:24)
    at emitKeys (node:internal/readline/utils:371:14)
    at emitKeys.next (<anonymous>)
    at ReadStream.onData (node:internal/readline/emitKeypressEvents:64:36)
    at ReadStream.emit (node:events:509:28)
    at addChunk (node:internal/streams/readable:563:12)
[error] 
[error] Error: An unexpected error has occurred.
